../Core/Src/main.c:61:6:led_on	8	static
../Core/Src/main.c:71:6:led_off	8	static
../Core/Src/main.c:81:6:led_ext_on	8	static
../Core/Src/main.c:85:6:led_ext_off	8	static
../Core/Src/main.c:90:6:led_ext_on2	8	static
../Core/Src/main.c:95:6:led_ext_off2	8	static
../Core/Src/main.c:102:6:delay_manuale	16	static
../Core/Src/main.c:108:6:blink	8	static
../Core/Src/main.c:161:6:HAL_UART_RxCpltCallback	16	static
../Core/Src/main.c:197:5:main	8	static
../Core/Src/main.c:249:6:SystemClock_Config	128	static
../Core/Src/main.c:297:13:MX_SPI1_Init	8	static
../Core/Src/main.c:337:13:MX_UART5_Init	8	static
../Core/Src/main.c:372:13:MX_USB_PCD_Init	8	static
../Core/Src/main.c:403:13:MX_GPIO_Init	48	static
../Core/Src/main.c:480:6:Error_Handler	4	static,ignoring_inline_asm
